2025 Sep 5 11:42:01 macbook sshd[1234]: Failed password for admin from 192.168.1.100 port 22 ssh2
2025 Sep 5 11:42:02 macbook sshd[1235]: Failed password for root from 192.168.1.102 port 22 ssh2
